// Jest Snapshot v1, https://goo.gl/fbAQLP

exports[`ImageListItem tests ImageListItem snapshot test 1`] = `
<View
  style={
    [
      {
        "backgroundColor": "#FFFFFF",
        "flexBasis": 0,
        "flexGrow": 1,
        "flexShrink": 1,
        "minHeight": 600,
        "paddingBottom": 16,
        "paddingLeft": 16,
        "paddingRight": 16,
        "paddingTop": 16,
      },
    ]
  }
>
  <Text
    fontFamily="Rubik-Bold"
    fontSize={20}
    lineHeight={26}
    style={
      [
        {
          "color": "#2C2C2C",
          "fontFamily": "Rubik-Bold",
          "fontSize": 20,
          "lineHeight": 26,
        },
        {
          "marginBottom": 24,
        },
      ]
    }
  >
    ImageListItem:
  </Text>
  <View
    style={
      [
        {
          "borderColor": "#2C2C2C",
          "borderRadius": 4,
          "borderStyle": "dashed",
          "borderWidth": 1,
          "marginBottom": 24,
          "marginLeft": 24,
          "marginRight": 24,
          "marginTop": 24,
          "paddingBottom": 16,
          "paddingLeft": 16,
          "paddingRight": 16,
          "paddingTop": 16,
          "width": 370,
        },
      ]
    }
    width={370}
  >
    <View
      style={
        [
          {
            "alignItems": "center",
            "flexDirection": "row",
          },
        ]
      }
    >
      <View
        style={
          [
            {
              "alignItems": "center",
              "backgroundColor": "#49C4E9",
              "borderRadius": 4,
              "height": 64,
              "justifyContent": "center",
              "marginRight": 16,
              "overflow": "hidden",
              "width": 64,
            },
          ]
        }
      >
        <Image
          source={
            {
              "uri": "https://picsum.photos/64/64",
            }
          }
          style={
            {
              "height": 64,
              "width": 64,
            }
          }
        />
      </View>
      <View
        style={
          [
            {
              "flexBasis": 0,
              "flexGrow": 1,
              "flexShrink": 1,
              "paddingRight": 8,
            },
          ]
        }
      >
        <Text
          fontFamily="Rubik-Bold"
          fontSize={16}
          lineHeight={20}
          numberOfLines={2}
          style={
            [
              {
                "color": "#2C2C2C",
                "fontFamily": "Rubik-Bold",
                "fontSize": 16,
                "lineHeight": 20,
              },
            ]
          }
        >
          Recently added
        </Text>
        <Text
          fontFamily="Rubik-SemiBold"
          fontSize={14}
          lineHeight={20}
          numberOfLines={2}
          style={
            [
              {
                "color": "#2C2C2C",
                "fontFamily": "Rubik-SemiBold",
                "fontSize": 14,
                "lineHeight": 20,
              },
              {
                "color": "#C7C7D2",
              },
            ]
          }
        >
          300 files
        </Text>
      </View>
      <test-file-stub
        fill="#2C2C2C"
        height={20}
        width={20}
      />
    </View>
  </View>
  <View
    style={
      [
        {
          "borderColor": "#2C2C2C",
          "borderRadius": 4,
          "borderStyle": "dashed",
          "borderWidth": 1,
          "marginBottom": 24,
          "marginLeft": 24,
          "marginRight": 24,
          "marginTop": 24,
          "paddingBottom": 16,
          "paddingLeft": 16,
          "paddingRight": 16,
          "paddingTop": 16,
          "width": 370,
        },
      ]
    }
    width={370}
  >
    <Text
      fontFamily="Rubik-Bold"
      fontSize={16}
      lineHeight={20}
      style={
        [
          {
            "color": "#2C2C2C",
            "fontFamily": "Rubik-Bold",
            "fontSize": 16,
            "lineHeight": 20,
          },
          {
            "backgroundColor": "#C7C7D2",
            "left": 16,
            "paddingHorizontal": 8,
            "position": "absolute",
            "top": -12,
          },
        ]
      }
    >
      with Illustration
    </Text>
    <View
      style={
        [
          {
            "alignItems": "center",
            "flexDirection": "row",
          },
        ]
      }
    >
      <View
        style={
          [
            {
              "alignItems": "center",
              "backgroundColor": "#49C4E9",
              "borderRadius": 4,
              "height": 64,
              "justifyContent": "center",
              "marginRight": 16,
              "overflow": "hidden",
              "width": 64,
            },
          ]
        }
      >
        <Image
          height={48}
          resizeMode="contain"
          source={
            {
              "uri": "",
            }
          }
          style={
            [
              {
                "height": 48,
                "width": 60,
              },
            ]
          }
          width={60}
        />
      </View>
      <View
        style={
          [
            {
              "flexBasis": 0,
              "flexGrow": 1,
              "flexShrink": 1,
              "paddingRight": 8,
            },
          ]
        }
      >
        <Text
          fontFamily="Rubik-Bold"
          fontSize={16}
          lineHeight={20}
          numberOfLines={2}
          style={
            [
              {
                "color": "#2C2C2C",
                "fontFamily": "Rubik-Bold",
                "fontSize": 16,
                "lineHeight": 20,
              },
            ]
          }
        >
          Recently added
        </Text>
        <Text
          fontFamily="Rubik-SemiBold"
          fontSize={14}
          lineHeight={20}
          numberOfLines={2}
          style={
            [
              {
                "color": "#2C2C2C",
                "fontFamily": "Rubik-SemiBold",
                "fontSize": 14,
                "lineHeight": 20,
              },
              {
                "color": "#C7C7D2",
              },
            ]
          }
        >
          300 files
        </Text>
      </View>
    </View>
  </View>
  <View
    style={
      [
        {
          "borderColor": "#2C2C2C",
          "borderRadius": 4,
          "borderStyle": "dashed",
          "borderWidth": 1,
          "marginBottom": 24,
          "marginLeft": 24,
          "marginRight": 24,
          "marginTop": 24,
          "paddingBottom": 16,
          "paddingLeft": 16,
          "paddingRight": 16,
          "paddingTop": 16,
          "width": 370,
        },
      ]
    }
    width={370}
  >
    <Text
      fontFamily="Rubik-Bold"
      fontSize={16}
      lineHeight={20}
      style={
        [
          {
            "color": "#2C2C2C",
            "fontFamily": "Rubik-Bold",
            "fontSize": 16,
            "lineHeight": 20,
          },
          {
            "backgroundColor": "#C7C7D2",
            "left": 16,
            "paddingHorizontal": 8,
            "position": "absolute",
            "top": -12,
          },
        ]
      }
    >
      with image
    </Text>
    <View
      style={
        [
          {
            "alignItems": "center",
            "flexDirection": "row",
          },
        ]
      }
    >
      <View
        style={
          [
            {
              "alignItems": "center",
              "backgroundColor": "#49C4E9",
              "borderRadius": 4,
              "height": 64,
              "justifyContent": "center",
              "marginRight": 16,
              "overflow": "hidden",
              "width": 64,
            },
          ]
        }
      >
        <Image
          source={
            {
              "uri": "https://picsum.photos/64/64",
            }
          }
          style={
            {
              "height": 64,
              "width": 64,
            }
          }
        />
      </View>
      <View
        style={
          [
            {
              "flexBasis": 0,
              "flexGrow": 1,
              "flexShrink": 1,
              "paddingRight": 8,
            },
          ]
        }
      >
        <Text
          fontFamily="Rubik-Bold"
          fontSize={16}
          lineHeight={20}
          numberOfLines={2}
          style={
            [
              {
                "color": "#2C2C2C",
                "fontFamily": "Rubik-Bold",
                "fontSize": 16,
                "lineHeight": 20,
              },
            ]
          }
        >
          Recently added
        </Text>
        <Text
          fontFamily="Rubik-SemiBold"
          fontSize={14}
          lineHeight={20}
          numberOfLines={2}
          style={
            [
              {
                "color": "#2C2C2C",
                "fontFamily": "Rubik-SemiBold",
                "fontSize": 14,
                "lineHeight": 20,
              },
              {
                "color": "#C7C7D2",
              },
            ]
          }
        >
          300 files
        </Text>
      </View>
    </View>
  </View>
</View>
`;
