// Jest Snapshot v1, https://goo.gl/fbAQLP

exports[`Spacing tests Spacing snapshot test 1`] = `
<View
  style={
    [
      {
        "backgroundColor": "#DEDFE0",
        "flexBasis": 0,
        "flexGrow": 1,
        "flexShrink": 1,
        "paddingBottom": 20,
        "paddingLeft": 20,
        "paddingRight": 20,
        "paddingTop": 20,
        "width": 400,
      },
    ]
  }
>
  <Text
    fontFamily="Rubik-Regular"
    fontSize={14}
    lineHeight={20}
    style={
      [
        {
          "color": "#2C2C2C",
          "fontFamily": "Rubik-Regular",
          "fontSize": 14,
          "lineHeight": 20,
        },
      ]
    }
  >
    tiny
  </Text>
  <View
    height={4}
    style={
      [
        {
          "backgroundColor": "#FFFFFF",
          "height": 4,
          "marginBottom": 16,
        },
      ]
    }
  />
  <Text
    fontFamily="Rubik-Regular"
    fontSize={14}
    lineHeight={20}
    style={
      [
        {
          "color": "#2C2C2C",
          "fontFamily": "Rubik-Regular",
          "fontSize": 14,
          "lineHeight": 20,
        },
      ]
    }
  >
    small
  </Text>
  <View
    height={8}
    style={
      [
        {
          "backgroundColor": "#FFFFFF",
          "height": 8,
          "marginBottom": 16,
        },
      ]
    }
  />
  <Text
    fontFamily="Rubik-Regular"
    fontSize={14}
    lineHeight={20}
    style={
      [
        {
          "color": "#2C2C2C",
          "fontFamily": "Rubik-Regular",
          "fontSize": 14,
          "lineHeight": 20,
        },
      ]
    }
  >
    primarySmall
  </Text>
  <View
    height={12}
    style={
      [
        {
          "backgroundColor": "#FFFFFF",
          "height": 12,
          "marginBottom": 16,
        },
      ]
    }
  />
  <Text
    fontFamily="Rubik-Regular"
    fontSize={14}
    lineHeight={20}
    style={
      [
        {
          "color": "#2C2C2C",
          "fontFamily": "Rubik-Regular",
          "fontSize": 14,
          "lineHeight": 20,
        },
      ]
    }
  >
    primary
  </Text>
  <View
    height={16}
    style={
      [
        {
          "backgroundColor": "#FFFFFF",
          "height": 16,
          "marginBottom": 16,
        },
      ]
    }
  />
  <Text
    fontFamily="Rubik-Regular"
    fontSize={14}
    lineHeight={20}
    style={
      [
        {
          "color": "#2C2C2C",
          "fontFamily": "Rubik-Regular",
          "fontSize": 14,
          "lineHeight": 20,
        },
      ]
    }
  >
    mediumSmall
  </Text>
  <View
    height={20}
    style={
      [
        {
          "backgroundColor": "#FFFFFF",
          "height": 20,
          "marginBottom": 16,
        },
      ]
    }
  />
  <Text
    fontFamily="Rubik-Regular"
    fontSize={14}
    lineHeight={20}
    style={
      [
        {
          "color": "#2C2C2C",
          "fontFamily": "Rubik-Regular",
          "fontSize": 14,
          "lineHeight": 20,
        },
      ]
    }
  >
    medium
  </Text>
  <View
    height={24}
    style={
      [
        {
          "backgroundColor": "#FFFFFF",
          "height": 24,
          "marginBottom": 16,
        },
      ]
    }
  />
  <Text
    fontFamily="Rubik-Regular"
    fontSize={14}
    lineHeight={20}
    style={
      [
        {
          "color": "#2C2C2C",
          "fontFamily": "Rubik-Regular",
          "fontSize": 14,
          "lineHeight": 20,
        },
      ]
    }
  >
    large
  </Text>
  <View
    height={28}
    style={
      [
        {
          "backgroundColor": "#FFFFFF",
          "height": 28,
          "marginBottom": 16,
        },
      ]
    }
  />
  <Text
    fontFamily="Rubik-Regular"
    fontSize={14}
    lineHeight={20}
    style={
      [
        {
          "color": "#2C2C2C",
          "fontFamily": "Rubik-Regular",
          "fontSize": 14,
          "lineHeight": 20,
        },
      ]
    }
  >
    extraLarge
  </Text>
  <View
    height={32}
    style={
      [
        {
          "backgroundColor": "#FFFFFF",
          "height": 32,
          "marginBottom": 16,
        },
      ]
    }
  />
  <Text
    fontFamily="Rubik-Regular"
    fontSize={14}
    lineHeight={20}
    style={
      [
        {
          "color": "#2C2C2C",
          "fontFamily": "Rubik-Regular",
          "fontSize": 14,
          "lineHeight": 20,
        },
      ]
    }
  >
    huge
  </Text>
  <View
    height={40}
    style={
      [
        {
          "backgroundColor": "#FFFFFF",
          "height": 40,
          "marginBottom": 16,
        },
      ]
    }
  />
</View>
`;
