// Jest Snapshot v1, https://goo.gl/fbAQLP

exports[`Number Picker tests NumberPicker snapshot test 1`] = `
<View
  style={
    [
      {
        "backgroundColor": "#FFFFFF",
        "flexBasis": 0,
        "flexGrow": 1,
        "flexShrink": 1,
        "minHeight": 600,
        "paddingBottom": 16,
        "paddingLeft": 16,
        "paddingRight": 16,
        "paddingTop": 16,
      },
    ]
  }
>
  <Text
    fontFamily="Rubik-Bold"
    fontSize={20}
    lineHeight={26}
    style={
      [
        {
          "color": "#2C2C2C",
          "fontFamily": "Rubik-Bold",
          "fontSize": 20,
          "lineHeight": 26,
        },
        {
          "marginBottom": 24,
        },
      ]
    }
  >
    Number Picker :
  </Text>
  <View
    color="#49C4E9"
    style={
      [
        {
          "alignItems": "center",
          "backgroundColor": "rgba(73,196,233,0.08)",
          "borderRadius": 7,
          "flexDirection": "row",
          "justifyContent": "space-between",
          "minHeight": 47,
          "minWidth": 100,
          "paddingHorizontal": 16,
          "width": 300,
        },
      ]
    }
    width={300}
  >
    <View
      accessible={true}
      collapsable={false}
      focusable={true}
      onClick={[Function]}
      onResponderGrant={[Function]}
      onResponderMove={[Function]}
      onResponderRelease={[Function]}
      onResponderTerminate={[Function]}
      onResponderTerminationRequest={[Function]}
      onStartShouldSetResponder={[Function]}
      style={
        {
          "alignItems": "center",
          "justifyContent": "center",
          "opacity": 1,
        }
      }
    >
      <test-file-stub
        fill="#49C4E9"
        height={20}
        width={20}
      />
    </View>
    <Text
      color="#49C4E9"
      fontFamily="Rubik-Medium"
      fontSize={20}
      lineHeight={42}
      style={
        [
          {
            "color": "#2C2C2C",
            "fontFamily": "Rubik-Medium",
            "fontSize": 20,
            "lineHeight": 42,
          },
          {
            "color": "#49C4E9",
          },
        ]
      }
    >
      15
    </Text>
    <View
      accessible={true}
      collapsable={false}
      focusable={true}
      onClick={[Function]}
      onResponderGrant={[Function]}
      onResponderMove={[Function]}
      onResponderRelease={[Function]}
      onResponderTerminate={[Function]}
      onResponderTerminationRequest={[Function]}
      onStartShouldSetResponder={[Function]}
      style={
        {
          "alignItems": "center",
          "justifyContent": "center",
          "opacity": 1,
        }
      }
    >
      <test-file-stub
        fill="#49C4E9"
        height={20}
        width={20}
      />
    </View>
  </View>
</View>
`;
