// Jest Snapshot v1, https://goo.gl/fbAQLP

exports[`Modal tests Modal snapshot test 1`] = `
<View
  style={
    [
      {
        "backgroundColor": "#FFFFFF",
        "flexBasis": 0,
        "flexGrow": 1,
        "flexShrink": 1,
        "minHeight": 600,
        "paddingBottom": 16,
        "paddingLeft": 16,
        "paddingRight": 16,
        "paddingTop": 16,
      },
    ]
  }
>
  <Text
    fontFamily="Rubik-Bold"
    fontSize={20}
    lineHeight={26}
    style={
      [
        {
          "color": "#2C2C2C",
          "fontFamily": "Rubik-Bold",
          "fontSize": 20,
          "lineHeight": 26,
        },
        {
          "marginBottom": 24,
        },
      ]
    }
  >
    Modal Button:
  </Text>
  <View
    style={
      [
        {
          "borderColor": "#2C2C2C",
          "borderRadius": 4,
          "borderStyle": "dashed",
          "borderWidth": 1,
          "marginBottom": 24,
          "marginLeft": 24,
          "marginRight": 24,
          "marginTop": 24,
          "paddingBottom": 16,
          "paddingLeft": 16,
          "paddingRight": 16,
          "paddingTop": 16,
          "width": 370,
        },
      ]
    }
    width={370}
  >
    <View
      accessible={true}
      collapsable={false}
      focusable={true}
      onClick={[Function]}
      onResponderGrant={[Function]}
      onResponderMove={[Function]}
      onResponderRelease={[Function]}
      onResponderTerminate={[Function]}
      onResponderTerminationRequest={[Function]}
      onStartShouldSetResponder={[Function]}
      style={
        {
          "alignItems": "center",
          "backgroundColor": "#4D37D9",
          "borderRadius": 7,
          "flexDirection": "row",
          "height": 48,
          "justifyContent": "center",
          "maxWidth": "100%",
          "opacity": 1,
          "paddingHorizontal": 24,
        }
      }
    >
      <Text
        color="#FFFFFF"
        fontFamily="Rubik-Bold"
        fontSize={16}
        hasIcon={false}
        lineHeight={20}
        numberOfLines={1}
        size="Regular"
        style={
          [
            {
              "color": "#2C2C2C",
              "fontFamily": "Rubik-Bold",
              "fontSize": 16,
              "lineHeight": 20,
            },
            {
              "color": "#FFFFFF",
              "marginLeft": 0,
            },
          ]
        }
      >
        showModal
      </Text>
    </View>
    <Modal
      animationType="fade"
      hardwareAccelerated={false}
      onRequestClose={[Function]}
      presentationStyle="overFullScreen"
      style={
        [
          {},
        ]
      }
      transparent={true}
      visible={true}
    >
      <View
        style={
          [
            {
              "alignItems": "center",
              "backdropFilter": "blur(8px)",
              "backgroundColor": "rgba(0, 0, 0, 0.22)",
              "flexBasis": 0,
              "flexGrow": 1,
              "flexShrink": 1,
              "justifyContent": "center",
            },
          ]
        }
      >
        <View
          accessible={true}
          collapsable={false}
          focusable={true}
          onClick={[Function]}
          onResponderGrant={[Function]}
          onResponderMove={[Function]}
          onResponderRelease={[Function]}
          onResponderTerminate={[Function]}
          onResponderTerminationRequest={[Function]}
          onStartShouldSetResponder={[Function]}
          style={
            {
              "bottom": 0,
              "left": 0,
              "opacity": 1,
              "position": "absolute",
              "right": 0,
              "top": 0,
            }
          }
        />
        <View
          style={
            [
              {
                "backgroundColor": "rgba(255, 255, 255, 0.93)",
                "borderRadius": 7,
                "minHeight": 238,
                "shadowColor": "rgba(44, 44, 44, 0.18)",
                "shadowOffset": {
                  "height": 35,
                  "width": 10,
                },
                "shadowOpacity": 1,
                "shadowRadius": 40,
                "width": 340,
              },
            ]
          }
          width={340}
        >
          <View
            accessible={true}
            collapsable={false}
            focusable={true}
            onClick={[Function]}
            onResponderGrant={[Function]}
            onResponderMove={[Function]}
            onResponderRelease={[Function]}
            onResponderTerminate={[Function]}
            onResponderTerminationRequest={[Function]}
            onStartShouldSetResponder={[Function]}
            style={
              {
                "alignItems": "center",
                "backgroundColor": "transparent",
                "borderRadius": 7,
                "height": 34,
                "justifyContent": "center",
                "opacity": 1,
                "position": "absolute",
                "right": 0,
                "width": 34,
                "zIndex": 1,
              }
            }
          >
            <test-file-stub
              fill="#2C2C2C"
              height={11}
              width={11}
            />
          </View>
          <View
            style={
              [
                {
                  "alignItems": "center",
                  "gap": 28,
                  "paddingVertical": 40,
                },
              ]
            }
          >
            <test-file-stub
              height={60}
              width={71}
            />
            <View
              style={
                [
                  {
                    "alignItems": "center",
                    "gap": 8,
                    "justifyContent": "center",
                  },
                ]
              }
            >
              <Text
                fontFamily="Rubik-Medium"
                fontSize={16}
                lineHeight={20}
                style={
                  [
                    {
                      "color": "#2C2C2C",
                      "fontFamily": "Rubik-Medium",
                      "fontSize": 16,
                      "lineHeight": 20,
                    },
                  ]
                }
              >
                Your request has been rejected
              </Text>
              <Text
                fontFamily="Rubik-Regular"
                fontSize={14}
                lineHeight={20}
                style={
                  [
                    {
                      "color": "#2C2C2C",
                      "fontFamily": "Rubik-Regular",
                      "fontSize": 14,
                      "lineHeight": 20,
                    },
                  ]
                }
              >
                Thank you for your patience
              </Text>
            </View>
          </View>
        </View>
      </View>
    </Modal>
  </View>
</View>
`;
