// Jest Snapshot v1, https://goo.gl/fbAQLP

exports[`Toggle tests Toggle snapshot test 1`] = `
<View
  style={
    [
      {
        "backgroundColor": "#F2F3F4",
        "flexBasis": 0,
        "flexGrow": 1,
        "flexShrink": 1,
        "minHeight": 600,
        "paddingBottom": 16,
        "paddingLeft": 16,
        "paddingRight": 16,
        "paddingTop": 16,
      },
      {
        "backgroundColor": "#FFFFFF",
      },
    ]
  }
>
  <Text
    fontFamily="Muli-Bold"
    fontSize={20}
    lineHeight={26}
    style={
      [
        {
          "color": "#222222",
          "fontFamily": "Muli-Bold",
          "fontSize": 20,
          "lineHeight": 26,
        },
        {
          "marginBottom": 24,
        },
      ]
    }
  >
    Toggle:
  </Text>
  <View
    style={
      [
        {
          "borderColor": "#222222",
          "borderRadius": 4,
          "borderStyle": "dashed",
          "borderWidth": 1,
          "marginBottom": 24,
          "marginLeft": 24,
          "marginRight": 24,
          "marginTop": 24,
          "paddingBottom": 16,
          "paddingLeft": 16,
          "paddingRight": 16,
          "paddingTop": 16,
          "width": 370,
        },
      ]
    }
    width={370}
  >
    <View
      accessibilityState={
        {
          "disabled": false,
        }
      }
      accessible={true}
      collapsable={false}
      focusable={true}
      onClick={[Function]}
      onResponderGrant={[Function]}
      onResponderMove={[Function]}
      onResponderRelease={[Function]}
      onResponderTerminate={[Function]}
      onResponderTerminationRequest={[Function]}
      onStartShouldSetResponder={[Function]}
      style={
        {
          "backgroundColor": "#DEDFE0",
          "borderRadius": 14,
          "height": 28,
          "opacity": 1,
          "paddingBottom": 2,
          "paddingLeft": 2,
          "paddingRight": 2,
          "paddingTop": 2,
          "width": 48,
        }
      }
    >
      <View
        collapsable={false}
        secondary={false}
        size={24}
        style={
          {
            "backgroundColor": "#FFFFFF",
            "borderRadius": 12,
            "elevation": 2,
            "height": 24,
            "shadowColor": "#222222",
            "shadowOffset": {
              "height": 2,
              "width": 0,
            },
            "shadowOpacity": 0.1,
            "transform": [
              {
                "translateX": 0,
              },
            ],
            "width": 24,
          }
        }
      />
    </View>
  </View>
  <View
    style={
      [
        {
          "borderColor": "#222222",
          "borderRadius": 4,
          "borderStyle": "dashed",
          "borderWidth": 1,
          "marginBottom": 24,
          "marginLeft": 24,
          "marginRight": 24,
          "marginTop": 24,
          "paddingBottom": 16,
          "paddingLeft": 16,
          "paddingRight": 16,
          "paddingTop": 16,
          "width": 370,
        },
      ]
    }
    width={370}
  >
    <Text
      fontFamily="Muli-Bold"
      fontSize={16}
      lineHeight={20}
      style={
        [
          {
            "color": "#222222",
            "fontFamily": "Muli-Bold",
            "fontSize": 16,
            "lineHeight": 20,
          },
          {
            "backgroundColor": "#F2F3F4",
            "left": 16,
            "paddingHorizontal": 8,
            "position": "absolute",
            "top": -12,
          },
        ]
      }
    >
      inactive
    </Text>
    <View
      accessible={true}
      collapsable={false}
      focusable={true}
      onClick={[Function]}
      onResponderGrant={[Function]}
      onResponderMove={[Function]}
      onResponderRelease={[Function]}
      onResponderTerminate={[Function]}
      onResponderTerminationRequest={[Function]}
      onStartShouldSetResponder={[Function]}
      style={
        {
          "backgroundColor": "#DEDFE0",
          "borderRadius": 14,
          "height": 28,
          "opacity": 1,
          "paddingBottom": 2,
          "paddingLeft": 2,
          "paddingRight": 2,
          "paddingTop": 2,
          "width": 48,
        }
      }
    >
      <View
        collapsable={false}
        size={24}
        style={
          {
            "backgroundColor": "#FFFFFF",
            "borderRadius": 12,
            "elevation": 2,
            "height": 24,
            "shadowColor": "#222222",
            "shadowOffset": {
              "height": 2,
              "width": 0,
            },
            "shadowOpacity": 0.1,
            "transform": [
              {
                "translateX": 0,
              },
            ],
            "width": 24,
          }
        }
      />
    </View>
  </View>
  <View
    style={
      [
        {
          "borderColor": "#222222",
          "borderRadius": 4,
          "borderStyle": "dashed",
          "borderWidth": 1,
          "marginBottom": 24,
          "marginLeft": 24,
          "marginRight": 24,
          "marginTop": 24,
          "paddingBottom": 16,
          "paddingLeft": 16,
          "paddingRight": 16,
          "paddingTop": 16,
          "width": 370,
        },
      ]
    }
    width={370}
  >
    <Text
      fontFamily="Muli-Bold"
      fontSize={16}
      lineHeight={20}
      style={
        [
          {
            "color": "#222222",
            "fontFamily": "Muli-Bold",
            "fontSize": 16,
            "lineHeight": 20,
          },
          {
            "backgroundColor": "#F2F3F4",
            "left": 16,
            "paddingHorizontal": 8,
            "position": "absolute",
            "top": -12,
          },
        ]
      }
    >
      inactive - secondary
    </Text>
    <View
      accessible={true}
      collapsable={false}
      focusable={true}
      onClick={[Function]}
      onResponderGrant={[Function]}
      onResponderMove={[Function]}
      onResponderRelease={[Function]}
      onResponderTerminate={[Function]}
      onResponderTerminationRequest={[Function]}
      onStartShouldSetResponder={[Function]}
      style={
        {
          "backgroundColor": "#DEDFE0",
          "borderRadius": 14,
          "height": 28,
          "opacity": 1,
          "paddingBottom": 2,
          "paddingLeft": 2,
          "paddingRight": 2,
          "paddingTop": 2,
          "width": 48,
        }
      }
    >
      <View
        collapsable={false}
        secondary={true}
        size={24}
        style={
          {
            "backgroundColor": "#F2F3F4",
            "borderRadius": 12,
            "elevation": 2,
            "height": 24,
            "shadowColor": "#222222",
            "shadowOffset": {
              "height": 2,
              "width": 0,
            },
            "shadowOpacity": 0.1,
            "transform": [
              {
                "translateX": 0,
              },
            ],
            "width": 24,
          }
        }
      />
    </View>
  </View>
  <View
    style={
      [
        {
          "borderColor": "#222222",
          "borderRadius": 4,
          "borderStyle": "dashed",
          "borderWidth": 1,
          "marginBottom": 24,
          "marginLeft": 24,
          "marginRight": 24,
          "marginTop": 24,
          "paddingBottom": 16,
          "paddingLeft": 16,
          "paddingRight": 16,
          "paddingTop": 16,
          "width": 370,
        },
      ]
    }
    width={370}
  >
    <Text
      fontFamily="Muli-Bold"
      fontSize={16}
      lineHeight={20}
      style={
        [
          {
            "color": "#222222",
            "fontFamily": "Muli-Bold",
            "fontSize": 16,
            "lineHeight": 20,
          },
          {
            "backgroundColor": "#F2F3F4",
            "left": 16,
            "paddingHorizontal": 8,
            "position": "absolute",
            "top": -12,
          },
        ]
      }
    >
      active
    </Text>
    <View
      accessible={true}
      collapsable={false}
      focusable={true}
      onClick={[Function]}
      onResponderGrant={[Function]}
      onResponderMove={[Function]}
      onResponderRelease={[Function]}
      onResponderTerminate={[Function]}
      onResponderTerminationRequest={[Function]}
      onStartShouldSetResponder={[Function]}
      style={
        {
          "backgroundColor": "#FF8066",
          "borderRadius": 14,
          "height": 28,
          "opacity": 1,
          "paddingBottom": 2,
          "paddingLeft": 2,
          "paddingRight": 2,
          "paddingTop": 2,
          "width": 48,
        }
      }
    >
      <View
        collapsable={false}
        size={24}
        style={
          {
            "backgroundColor": "#FFFFFF",
            "borderRadius": 12,
            "elevation": 2,
            "height": 24,
            "shadowColor": "#222222",
            "shadowOffset": {
              "height": 2,
              "width": 0,
            },
            "shadowOpacity": 0.1,
            "transform": [
              {
                "translateX": 20,
              },
            ],
            "width": 24,
          }
        }
      />
    </View>
  </View>
  <View
    style={
      [
        {
          "borderColor": "#222222",
          "borderRadius": 4,
          "borderStyle": "dashed",
          "borderWidth": 1,
          "marginBottom": 24,
          "marginLeft": 24,
          "marginRight": 24,
          "marginTop": 24,
          "paddingBottom": 16,
          "paddingLeft": 16,
          "paddingRight": 16,
          "paddingTop": 16,
          "width": 370,
        },
      ]
    }
    width={370}
  >
    <Text
      fontFamily="Muli-Bold"
      fontSize={16}
      lineHeight={20}
      style={
        [
          {
            "color": "#222222",
            "fontFamily": "Muli-Bold",
            "fontSize": 16,
            "lineHeight": 20,
          },
          {
            "backgroundColor": "#F2F3F4",
            "left": 16,
            "paddingHorizontal": 8,
            "position": "absolute",
            "top": -12,
          },
        ]
      }
    >
      disabled
    </Text>
    <View
      accessibilityState={
        {
          "disabled": true,
        }
      }
      accessible={true}
      collapsable={false}
      focusable={true}
      onClick={[Function]}
      onResponderGrant={[Function]}
      onResponderMove={[Function]}
      onResponderRelease={[Function]}
      onResponderTerminate={[Function]}
      onResponderTerminationRequest={[Function]}
      onStartShouldSetResponder={[Function]}
      style={
        {
          "backgroundColor": "#F2F3F4",
          "borderRadius": 14,
          "height": 28,
          "opacity": 1,
          "paddingBottom": 2,
          "paddingLeft": 2,
          "paddingRight": 2,
          "paddingTop": 2,
          "width": 48,
        }
      }
    >
      <View
        collapsable={false}
        size={24}
        style={
          {
            "backgroundColor": "#FFFFFF",
            "borderRadius": 12,
            "elevation": 2,
            "height": 24,
            "shadowColor": "#222222",
            "shadowOffset": {
              "height": 2,
              "width": 0,
            },
            "shadowOpacity": 0.1,
            "transform": [
              {
                "translateX": 0,
              },
            ],
            "width": 24,
          }
        }
      />
    </View>
  </View>
</View>
`;
