// Jest Snapshot v1, https://goo.gl/fbAQLP

exports[`Checkbox tests Circle snapshot test 1`] = `
<View
  style={
    [
      {
        "backgroundColor": "#FFFFFF",
        "flexBasis": 0,
        "flexGrow": 1,
        "flexShrink": 1,
        "minHeight": 600,
        "paddingBottom": 16,
        "paddingLeft": 16,
        "paddingRight": 16,
        "paddingTop": 16,
      },
    ]
  }
>
  <Text
    fontFamily="Rubik-Bold"
    fontSize={20}
    lineHeight={26}
    style={
      [
        {
          "color": "#2C2C2C",
          "fontFamily": "Rubik-Bold",
          "fontSize": 20,
          "lineHeight": 26,
        },
        {
          "marginBottom": 24,
        },
      ]
    }
  >
    Circle :
  </Text>
  <View
    color="#4D37D9"
    size={20}
    style={
      [
        {
          "backgroundColor": "#4D37D9",
          "borderRadius": 10,
          "height": 20,
          "width": 20,
        },
      ]
    }
  />
</View>
`;
