// Jest Snapshot v1, https://goo.gl/fbAQLP

exports[`Illustration tests Illustration snapshot test 1`] = `
<View
  style={
    [
      {
        "backgroundColor": "#FFFFFF",
        "flexBasis": 0,
        "flexGrow": 1,
        "flexShrink": 1,
        "minHeight": 600,
        "paddingBottom": 16,
        "paddingLeft": 16,
        "paddingRight": 16,
        "paddingTop": 16,
      },
    ]
  }
>
  <Text
    fontFamily="Rubik-Bold"
    fontSize={20}
    lineHeight={26}
    style={
      [
        {
          "color": "#2C2C2C",
          "fontFamily": "Rubik-Bold",
          "fontSize": 20,
          "lineHeight": 26,
        },
        {
          "marginBottom": 24,
        },
      ]
    }
  >
    Illustration:
  </Text>
  <Image
    height={272}
    resizeMode="contain"
    source={
      {
        "uri": "",
      }
    }
    style={
      [
        {
          "height": 272,
          "width": 340,
        },
      ]
    }
    width={340}
  />
</View>
`;
