// Jest Snapshot v1, https://goo.gl/fbAQLP

exports[`RadioButton tests RadioButton snapshot test 1`] = `
<View
  style={
    [
      {
        "backgroundColor": "#FFFFFF",
        "flexBasis": 0,
        "flexGrow": 1,
        "flexShrink": 1,
        "minHeight": 600,
        "paddingBottom": 16,
        "paddingLeft": 16,
        "paddingRight": 16,
        "paddingTop": 16,
      },
    ]
  }
>
  <View
    style={
      [
        {
          "borderColor": "#2C2C2C",
          "borderRadius": 4,
          "borderStyle": "dashed",
          "borderWidth": 1,
          "marginBottom": 24,
          "marginLeft": 24,
          "marginRight": 24,
          "marginTop": 24,
          "paddingBottom": 16,
          "paddingLeft": 16,
          "paddingRight": 16,
          "paddingTop": 16,
          "width": 370,
        },
      ]
    }
    width={370}
  >
    <Text
      fontFamily="Rubik-Bold"
      fontSize={16}
      lineHeight={20}
      style={
        [
          {
            "color": "#2C2C2C",
            "fontFamily": "Rubik-Bold",
            "fontSize": 16,
            "lineHeight": 20,
          },
          {
            "backgroundColor": "#C7C7D2",
            "left": 16,
            "paddingHorizontal": 8,
            "position": "absolute",
            "top": -12,
          },
        ]
      }
    >
      Radio Button :
    </Text>
    <View
      accessible={true}
      collapsable={false}
      focusable={true}
      onClick={[Function]}
      onResponderGrant={[Function]}
      onResponderMove={[Function]}
      onResponderRelease={[Function]}
      onResponderTerminate={[Function]}
      onResponderTerminationRequest={[Function]}
      onStartShouldSetResponder={[Function]}
      style={
        {
          "alignItems": "center",
          "borderColor": "#C7C7D2",
          "borderRadius": 11,
          "borderWidth": 2,
          "height": 22,
          "justifyContent": "center",
          "opacity": 1,
          "width": 22,
        }
      }
    />
  </View>
  <View
    style={
      [
        {
          "borderColor": "#2C2C2C",
          "borderRadius": 4,
          "borderStyle": "dashed",
          "borderWidth": 1,
          "marginBottom": 24,
          "marginLeft": 24,
          "marginRight": 24,
          "marginTop": 24,
          "paddingBottom": 16,
          "paddingLeft": 16,
          "paddingRight": 16,
          "paddingTop": 16,
          "width": 370,
        },
      ]
    }
    width={370}
  >
    <Text
      fontFamily="Rubik-Bold"
      fontSize={16}
      lineHeight={20}
      style={
        [
          {
            "color": "#2C2C2C",
            "fontFamily": "Rubik-Bold",
            "fontSize": 16,
            "lineHeight": 20,
          },
          {
            "backgroundColor": "#C7C7D2",
            "left": 16,
            "paddingHorizontal": 8,
            "position": "absolute",
            "top": -12,
          },
        ]
      }
    >
      Disabled:
    </Text>
    <View
      accessible={true}
      collapsable={false}
      focusable={true}
      onClick={[Function]}
      onResponderGrant={[Function]}
      onResponderMove={[Function]}
      onResponderRelease={[Function]}
      onResponderTerminate={[Function]}
      onResponderTerminationRequest={[Function]}
      onStartShouldSetResponder={[Function]}
      style={
        {
          "alignItems": "center",
          "backgroundColor": "rgba(199,199,210,0.3)",
          "borderColor": "rgba(199,199,210,0.1)",
          "borderRadius": 11,
          "borderWidth": 2,
          "height": 22,
          "justifyContent": "center",
          "opacity": 1,
          "width": 22,
        }
      }
    >
      <View
        color="rgba(199,199,210,0.5)"
        size={12}
        style={
          [
            {
              "backgroundColor": "rgba(199,199,210,0.5)",
              "borderRadius": 6,
              "height": 12,
              "width": 12,
            },
          ]
        }
      />
    </View>
  </View>
  <View
    style={
      [
        {
          "borderColor": "#2C2C2C",
          "borderRadius": 4,
          "borderStyle": "dashed",
          "borderWidth": 1,
          "marginBottom": 24,
          "marginLeft": 24,
          "marginRight": 24,
          "marginTop": 24,
          "paddingBottom": 16,
          "paddingLeft": 16,
          "paddingRight": 16,
          "paddingTop": 16,
          "width": 370,
        },
      ]
    }
    width={370}
  >
    <Text
      fontFamily="Rubik-Bold"
      fontSize={16}
      lineHeight={20}
      style={
        [
          {
            "color": "#2C2C2C",
            "fontFamily": "Rubik-Bold",
            "fontSize": 16,
            "lineHeight": 20,
          },
          {
            "backgroundColor": "#C7C7D2",
            "left": 16,
            "paddingHorizontal": 8,
            "position": "absolute",
            "top": -12,
          },
        ]
      }
    >
      active:
    </Text>
    <View
      accessible={true}
      collapsable={false}
      focusable={true}
      onClick={[Function]}
      onResponderGrant={[Function]}
      onResponderMove={[Function]}
      onResponderRelease={[Function]}
      onResponderTerminate={[Function]}
      onResponderTerminationRequest={[Function]}
      onStartShouldSetResponder={[Function]}
      style={
        {
          "alignItems": "center",
          "borderColor": "#49C4E9",
          "borderRadius": 11,
          "borderWidth": 2,
          "height": 22,
          "justifyContent": "center",
          "opacity": 1,
          "width": 22,
        }
      }
    >
      <View
        color="#49C4E9"
        size={12}
        style={
          [
            {
              "backgroundColor": "#49C4E9",
              "borderRadius": 6,
              "height": 12,
              "width": 12,
            },
          ]
        }
      />
    </View>
  </View>
  <View
    style={
      [
        {
          "borderColor": "#2C2C2C",
          "borderRadius": 4,
          "borderStyle": "dashed",
          "borderWidth": 1,
          "marginBottom": 24,
          "marginLeft": 24,
          "marginRight": 24,
          "marginTop": 24,
          "paddingBottom": 16,
          "paddingLeft": 16,
          "paddingRight": 16,
          "paddingTop": 16,
          "width": 370,
        },
      ]
    }
    width={370}
  >
    <Text
      fontFamily="Rubik-Bold"
      fontSize={16}
      lineHeight={20}
      style={
        [
          {
            "color": "#2C2C2C",
            "fontFamily": "Rubik-Bold",
            "fontSize": 16,
            "lineHeight": 20,
          },
          {
            "backgroundColor": "#C7C7D2",
            "left": 16,
            "paddingHorizontal": 8,
            "position": "absolute",
            "top": -12,
          },
        ]
      }
    >
      inactive:
    </Text>
    <View
      accessible={true}
      collapsable={false}
      focusable={true}
      onClick={[Function]}
      onResponderGrant={[Function]}
      onResponderMove={[Function]}
      onResponderRelease={[Function]}
      onResponderTerminate={[Function]}
      onResponderTerminationRequest={[Function]}
      onStartShouldSetResponder={[Function]}
      style={
        {
          "alignItems": "center",
          "borderColor": "#C7C7D2",
          "borderRadius": 11,
          "borderWidth": 2,
          "height": 22,
          "justifyContent": "center",
          "opacity": 1,
          "width": 22,
        }
      }
    />
  </View>
</View>
`;
