// Jest Snapshot v1, https://goo.gl/fbAQLP

exports[`ListItem tests ListItem snapshot test 1`] = `
<View
  style={
    [
      {
        "backgroundColor": "#F2F3F4",
        "flexBasis": 0,
        "flexGrow": 1,
        "flexShrink": 1,
        "minHeight": 600,
        "paddingBottom": 16,
        "paddingLeft": 16,
        "paddingRight": 16,
        "paddingTop": 16,
      },
    ]
  }
>
  <Text
    fontFamily="Muli-Bold"
    fontSize={20}
    lineHeight={26}
    style={
      [
        {
          "color": "#222222",
          "fontFamily": "Muli-Bold",
          "fontSize": 20,
          "lineHeight": 26,
        },
        {
          "marginBottom": 24,
        },
      ]
    }
  >
    ListItem:
  </Text>
  <View
    style={
      [
        {
          "borderColor": "#222222",
          "borderRadius": 4,
          "borderStyle": "dashed",
          "borderWidth": 1,
          "marginBottom": 24,
          "marginLeft": 24,
          "marginRight": 24,
          "marginTop": 24,
          "paddingBottom": 16,
          "paddingLeft": 16,
          "paddingRight": 16,
          "paddingTop": 16,
          "width": 370,
        },
      ]
    }
    width={370}
  >
    <View
      style={
        [
          {
            "alignItems": "center",
            "backgroundColor": "#FFFFFF",
            "flexDirection": "row",
            "minHeight": 48,
            "paddingHorizontal": 16,
          },
        ]
      }
    >
      <View
        style={
          [
            {
              "paddingLeft": 4,
              "paddingRight": 12,
            },
          ]
        }
      >
        <test-file-stub
          fill="#222222"
          height={24}
          width={24}
        />
      </View>
      <View
        style={
          [
            {
              "flexBasis": 0,
              "flexGrow": 1,
              "flexShrink": 1,
            },
          ]
        }
      >
        <Text
          fontFamily="Muli-SemiBold"
          fontSize={16}
          lineHeight={20}
          numberOfLines={2}
          style={
            [
              {
                "color": "#222222",
                "fontFamily": "Muli-SemiBold",
                "fontSize": 16,
                "lineHeight": 20,
              },
            ]
          }
        >
          Benachrichtigungen
        </Text>
      </View>
      <View
        borderRadius={12}
        size={24}
        style={
          [
            {
              "alignItems": "center",
              "alignSelf": "flex-start",
              "backgroundColor": "#FF8066",
              "borderRadius": 12,
              "flexDirection": "row",
              "height": 24,
              "justifyContent": "center",
              "minWidth": 24,
              "paddingBottom": 4,
              "paddingLeft": 8,
              "paddingRight": 8,
              "paddingTop": 4,
            },
            {
              "alignSelf": "center",
              "marginLeft": 16,
              "marginRight": 16,
            },
          ]
        }
      >
        <Text
          color="#FFFFFF"
          fontFamily="Muli-Bold"
          fontSize={14}
          lineHeight={20}
          style={
            [
              {
                "color": "#222222",
                "fontFamily": "Muli-Bold",
                "fontSize": 14,
                "lineHeight": 20,
              },
              {
                "color": "#FFFFFF",
              },
            ]
          }
        >
          1
        </Text>
      </View>
      <test-file-stub
        fill="#222222"
        height={20}
        width={20}
      />
    </View>
  </View>
  <View
    style={
      [
        {
          "borderColor": "#222222",
          "borderRadius": 4,
          "borderStyle": "dashed",
          "borderWidth": 1,
          "marginBottom": 24,
          "marginLeft": 24,
          "marginRight": 24,
          "marginTop": 24,
          "paddingBottom": 16,
          "paddingLeft": 16,
          "paddingRight": 16,
          "paddingTop": 16,
          "width": 370,
        },
      ]
    }
    width={370}
  >
    <View
      style={
        [
          {
            "alignItems": "center",
            "backgroundColor": "#FFFFFF",
            "flexDirection": "row",
            "minHeight": 48,
            "paddingHorizontal": 16,
          },
        ]
      }
    >
      <View
        style={
          [
            {
              "paddingLeft": 4,
              "paddingRight": 12,
            },
          ]
        }
      >
        <test-file-stub
          fill="#222222"
          height={24}
          width={24}
        />
      </View>
      <View
        style={
          [
            {
              "flexBasis": 0,
              "flexGrow": 1,
              "flexShrink": 1,
            },
          ]
        }
      >
        <Text
          fontFamily="Muli-SemiBold"
          fontSize={16}
          lineHeight={20}
          numberOfLines={2}
          style={
            [
              {
                "color": "#222222",
                "fontFamily": "Muli-SemiBold",
                "fontSize": 16,
                "lineHeight": 20,
              },
            ]
          }
        >
          Benachrichtigungen
        </Text>
      </View>
      <test-file-stub
        fill="#222222"
        height={20}
        width={20}
      />
    </View>
  </View>
  <View
    style={
      [
        {
          "borderColor": "#222222",
          "borderRadius": 4,
          "borderStyle": "dashed",
          "borderWidth": 1,
          "marginBottom": 24,
          "marginLeft": 24,
          "marginRight": 24,
          "marginTop": 24,
          "paddingBottom": 16,
          "paddingLeft": 16,
          "paddingRight": 16,
          "paddingTop": 16,
          "width": 370,
        },
      ]
    }
    width={370}
  >
    <View
      style={
        [
          {
            "alignItems": "center",
            "backgroundColor": "#FFFFFF",
            "flexDirection": "row",
            "minHeight": 48,
            "paddingHorizontal": 16,
          },
        ]
      }
    >
      <View
        style={
          [
            {
              "paddingLeft": 4,
              "paddingRight": 12,
            },
          ]
        }
      >
        <test-file-stub
          fill="#222222"
          height={24}
          width={24}
        />
      </View>
      <View
        style={
          [
            {
              "flexBasis": 0,
              "flexGrow": 1,
              "flexShrink": 1,
            },
          ]
        }
      >
        <Text
          fontFamily="Muli-SemiBold"
          fontSize={16}
          lineHeight={20}
          numberOfLines={2}
          style={
            [
              {
                "color": "#222222",
                "fontFamily": "Muli-SemiBold",
                "fontSize": 16,
                "lineHeight": 20,
              },
            ]
          }
        >
          Benachrichtigungen
        </Text>
      </View>
      <View
        borderRadius={12}
        size={24}
        style={
          [
            {
              "alignItems": "center",
              "alignSelf": "flex-start",
              "backgroundColor": "#FF8066",
              "borderRadius": 12,
              "flexDirection": "row",
              "height": 24,
              "justifyContent": "center",
              "minWidth": 24,
              "paddingBottom": 4,
              "paddingLeft": 8,
              "paddingRight": 8,
              "paddingTop": 4,
            },
            {
              "alignSelf": "center",
              "marginLeft": 16,
              "marginRight": 16,
            },
          ]
        }
      >
        <Text
          color="#FFFFFF"
          fontFamily="Muli-Bold"
          fontSize={14}
          lineHeight={20}
          style={
            [
              {
                "color": "#222222",
                "fontFamily": "Muli-Bold",
                "fontSize": 14,
                "lineHeight": 20,
              },
              {
                "color": "#FFFFFF",
              },
            ]
          }
        >
          1
        </Text>
      </View>
      <test-file-stub
        fill="#222222"
        height={20}
        width={20}
      />
    </View>
  </View>
  <View
    style={
      [
        {
          "borderColor": "#222222",
          "borderRadius": 4,
          "borderStyle": "dashed",
          "borderWidth": 1,
          "marginBottom": 24,
          "marginLeft": 24,
          "marginRight": 24,
          "marginTop": 24,
          "paddingBottom": 16,
          "paddingLeft": 16,
          "paddingRight": 16,
          "paddingTop": 16,
          "width": 370,
        },
      ]
    }
    width={370}
  >
    <View
      style={
        [
          {
            "alignItems": "center",
            "backgroundColor": "#FFFFFF",
            "flexDirection": "row",
            "minHeight": 48,
            "paddingHorizontal": 16,
          },
        ]
      }
    >
      <View
        style={
          [
            {
              "paddingLeft": 4,
              "paddingRight": 12,
            },
          ]
        }
      >
        <test-file-stub
          fill="#222222"
          height={24}
          width={24}
        />
      </View>
      <View
        style={
          [
            {
              "flexBasis": 0,
              "flexGrow": 1,
              "flexShrink": 1,
            },
          ]
        }
      >
        <Text
          fontFamily="Muli-SemiBold"
          fontSize={16}
          lineHeight={20}
          numberOfLines={2}
          style={
            [
              {
                "color": "#222222",
                "fontFamily": "Muli-SemiBold",
                "fontSize": 16,
                "lineHeight": 20,
              },
            ]
          }
        >
          Benachrichtigungen
        </Text>
      </View>
    </View>
  </View>
  <View
    style={
      [
        {
          "borderColor": "#222222",
          "borderRadius": 4,
          "borderStyle": "dashed",
          "borderWidth": 1,
          "marginBottom": 24,
          "marginLeft": 24,
          "marginRight": 24,
          "marginTop": 24,
          "paddingBottom": 16,
          "paddingLeft": 16,
          "paddingRight": 16,
          "paddingTop": 16,
          "width": 370,
        },
      ]
    }
    width={370}
  >
    <View
      style={
        [
          {
            "alignItems": "center",
            "backgroundColor": "#FFFFFF",
            "flexDirection": "row",
            "minHeight": 48,
            "paddingHorizontal": 16,
          },
        ]
      }
    >
      <View
        style={
          [
            {
              "paddingLeft": 4,
              "paddingRight": 12,
            },
          ]
        }
      >
        <test-file-stub
          fill="#222222"
          height={24}
          width={24}
        />
      </View>
      <View
        style={
          [
            {
              "flexBasis": 0,
              "flexGrow": 1,
              "flexShrink": 1,
            },
          ]
        }
      >
        <Text
          fontFamily="Muli-SemiBold"
          fontSize={16}
          lineHeight={20}
          numberOfLines={2}
          style={
            [
              {
                "color": "#222222",
                "fontFamily": "Muli-SemiBold",
                "fontSize": 16,
                "lineHeight": 20,
              },
            ]
          }
        >
          Benachrichtigungen
        </Text>
      </View>
      <View
        borderRadius={12}
        size={24}
        style={
          [
            {
              "alignItems": "center",
              "alignSelf": "flex-start",
              "backgroundColor": "#FF8066",
              "borderRadius": 12,
              "flexDirection": "row",
              "height": 24,
              "justifyContent": "center",
              "minWidth": 24,
              "paddingBottom": 4,
              "paddingLeft": 8,
              "paddingRight": 8,
              "paddingTop": 4,
            },
            {
              "alignSelf": "center",
              "marginLeft": 16,
              "marginRight": 8,
            },
          ]
        }
      >
        <Text
          color="#FFFFFF"
          fontFamily="Muli-Bold"
          fontSize={14}
          lineHeight={20}
          style={
            [
              {
                "color": "#222222",
                "fontFamily": "Muli-Bold",
                "fontSize": 14,
                "lineHeight": 20,
              },
              {
                "color": "#FFFFFF",
              },
            ]
          }
        >
          1
        </Text>
      </View>
    </View>
  </View>
</View>
`;
